PS C:\Users\kentay\Documents\samurai\git_challenge>mkdir git_challenge
PS C:\Users\kentay\Documents\samurai\git_challenge> git init
PS C:\Users\kentay\Documents\samurai\git_challenge> git add hello_world.txt
PS C:\Users\kentay\Documents\samurai\git_challenge> git status
On branch main

No commits yet

Changes to be committed:
  (use "git rm --cached <file>..." to unstage)
        new file:   hello_world.txt

PS C:\Users\kentay\Documents\samurai\git_challenge> git commit -m "hello_world.txtを追加"
[main (root-commit) 25ce8ad] hello_world.txtを追加
 1 file changed, 1 insertion(+)
 create mode 100644 hello_world.txt
PS C:\Users\kentay\Documents\samurai\git_challenge> git add hello_world.txt
PS C:\Users\kentay\Documents\samurai\git_challenge> git commit -m "日本語訳を追記"
[main e490163] 日本語訳を追記
 1 file changed, 1 insertion(+)
PS C:\Users\kentay\Documents\samurai\git_challenge> git log --oneline
e490163 (HEAD -> main) 日本語訳を追記
25ce8ad hello_world.txtを追加
PS C:\Users\kentay\Documents\samurai\git_challenge> 
